
   FAIL  Tests\Feature\Auth\AuthenticationTest
  Γ¿» navigation menu can be rendered                                     0.77s  
  ΓöÇΓöÇΓöÇΓöÇΓöÇΓöÇΓöÇΓöÇΓöÇΓöÇΓöÇΓöÇΓöÇΓöÇΓöÇΓöÇΓöÇΓöÇΓöÇΓöÇΓöÇΓöÇΓöÇΓöÇΓöÇΓöÇΓöÇΓöÇΓöÇΓöÇΓöÇΓöÇΓöÇΓöÇΓöÇΓöÇΓöÇΓöÇΓöÇΓöÇΓöÇΓöÇΓöÇΓöÇΓöÇΓöÇΓöÇΓöÇΓöÇΓöÇΓöÇΓöÇΓöÇΓöÇΓöÇΓöÇΓöÇΓöÇΓöÇΓöÇΓöÇΓöÇΓöÇΓöÇΓöÇΓöÇΓöÇΓöÇΓöÇΓöÇΓöÇΓöÇΓöÇΓöÇΓöÇ  
   FAILED  Tests\Feature\Auth\AuthenticationTest > navigation menu can be rΓÇª   
  Expected: <!DOCTYPE html>\r\n
<html lang="en">\r\n
\r\n
<head>\r\n
    <meta charset="utf-8">\r\n
    <meta name="viewport" content="width=device-width, initial-scale=1">\r\n
    <meta name="csrf-token" content="1KX9U3tgFhiHuhyxDOa8ZhsArvPcY4PReXq06Eec">\r\n
    <title>Experior Agent Mentoring Portal</title>\r\n
    <link rel="preconnect" href="https://fonts.bunny.net">\r\n
    <link href="https://fonts.bunny.net/css?family=figtree:400,500,600&display=swap" rel="stylesheet" />\r\n
    <!-- Theme Customization Panel -->\r\n
<div id="themePanel"\r\n
    class="fixed right-4 top-20 bg-white rounded-lg shadow-lg border p-4 z-50 w-80 transform translate-x-full transition-transform duration-300 opacity-0"\r\n
    style="transform: translateX(100%); visibility: hidden;">\r\n
    <div class="flex items-center justify-between mb-4">\r\n
        <h3 class="text-lg font-semibold text-gray-900">Theme Colors</h3>\r\n
        <button onclick="toggleThemePanel()" class="text-gray-400 hover:text-gray-600">\r\n
            <svg class="h-6 w-6" fill="none" viewBox="0 0 24 24" stroke="currentColor">\r\n
                <path stroke-linecap="round" stroke-linejoin="round" stroke-width="2" d="M6 18L18 6M6 6l12 12" />\r\n
            </svg>\r\n
        </button>\r\n
    </div>\r\n
\r\n
    <!-- Primary Color -->\r\n
    <div class="mb-6">\r\n
        <label class="block text-sm font-medium text-gray-700 mb-2">Primary Color</label>\r\n
        <div class="flex items-center space-x-2">\r\n
            <input type="color" id="primaryColor" value="#3b82f6" class="w-12 h-8 rounded border border-gray-300">\r\n
            <span class="text-sm text-gray-600" id="primaryColorValue">#3b82f6</span>\r\n
        </div>\r\n
        <div class="mt-2 flex space-x-1">\r\n
            <button onclick="setPrimaryColor('#3b82f6')"\r\n
                class="w-6 h-6 rounded bg-blue-500 border-2 border-gray-300"></button>\r\n
            <button onclick="setPrimaryColor('#ef4444')"\r\n
                class="w-6 h-6 rounded bg-red-500 border-2 border-gray-300"></button>\r\n
            <button onclick="setPrimaryColor('#10b981')"\r\n
                class="w-6 h-6 rounded bg-green-500 border-2 border-gray-300"></button>\r\n
            <button onclick="setPrimaryColor('#f59e0b')"\r\n
                class="w-6 h-6 rounded bg-yellow-500 border-2 border-gray-300"></button>\r\n
            <button onclick="setPrimaryColor('#8b5cf6')"\r\n
                class="w-6 h-6 rounded bg-purple-500 border-2 border-gray-300"></button>\r\n
            <button onclick="setPrimaryColor('#06b6d4')"\r\n
                class="w-6 h-6 rounded bg-cyan-500 border-2 border-gray-300"></button>\r\n
        </div>\r\n
    </div>\r\n
\r\n
    <!-- Secondary Color -->\r\n
    <div class="mb-6">\r\n
        <label class="block text-sm font-medium text-gray-700 mb-2">Secondary Color</label>\r\n
        <div class="flex items-center space-x-2">\r\n
            <input type="color" id="secondaryColor" value="#6b7280" class="w-12 h-8 rounded border border-gray-300">\r\n
            <span class="text-sm text-gray-600" id="secondaryColorValue">#6b7280</span>\r\n
        </div>\r\n
    </div>\r\n
\r\n
    <!-- Accent Color -->\r\n
    <div class="mb-6">\r\n
        <label class="block text-sm font-medium text-gray-700 mb-2">Accent Color</label>\r\n
        <div class="flex items-center space-x-2">\r\n
            <input type="color" id="accentColor" value="#22c55e" class="w-12 h-8 rounded border border-gray-300">\r\n
            <span class="text-sm text-gray-600" id="accentColorValue">#22c55e</span>\r\n
        </div>\r\n
    </div>\r\n
\r\n
    <!-- Action Buttons -->\r\n
    <div class="flex space-x-2">\r\n
        <button onclick="resetTheme()"\r\n
            class="flex-1 px-4 py-2 text-sm bg-gray-100 text-gray-700 rounded hover:bg-gray-200 transition">\r\n
            Reset\r\n
        </button>\r\n
        <button onclick="saveTheme()"\r\n
            class="flex-1 px-4 py-2 text-sm bg-blue-600 text-white rounded hover:bg-blue-700 transition">\r\n
            Save\r\n
        </button>\r\n
    </div>\r\n
</div>\r\n
\r\n
<!-- Theme Toggle Button -->\r\n
<button id="themeToggle" onclick="toggleThemePanel()"\r\n
    class="fixed right-4 top-24 bg-white rounded-full shadow-lg p-3 z-40 hover:bg-gray-50 transition-colors">\r\n
    <svg class="h-6 w-6 text-gray-600" fill="none" viewBox="0 0 24 24" stroke="currentColor">\r\n
        <path stroke-linecap="round" stroke-linejoin="round" stroke-width="2"\r\n
            d="M7 21a4 4 0 01-4-4V5a2 2 0 012-2h4a2 2 0 012 2v12a4 4 0 01-4 4zM21 5a2 2 0 00-2-2h-4a2 2 0 00-2 2v12a4 4 0 004 4h4a2 2 0 002-2V5z" />\r\n
    </svg>\r\n
</button>\r\n
<!-- Dynamic Theme CSS Variables -->\r\n
<style id="dynamic-theme">\r\n
    :root {\r\n
        /* Primary Colors */\r\n
        --primary-50: 239 246 255;\r\n
        --primary-100: 219 234 254;\r\n
        --primary-200: 191 219 254;\r\n
        --primary-300: 147 197 253;\r\n
        --primary-400: 96 165 250;\r\n
        --primary-500: 59 130 246;\r\n
        --primary-600: 37 99 235;\r\n
        --primary-700: 29 78 216;\r\n
        --primary-800: 30 64 175;\r\n
        --primary-900: 30 58 138;\r\n
\r\n
        /* Secondary Colors */\r\n
        --secondary-50: 249 250 251;\r\n
        --secondary-100: 243 244 246;\r\n
        --secondary-200: 229 231 235;\r\n
        --secondary-300: 209 213 219;\r\n
        --secondary-400: 156 163 175;\r\n
        --secondary-500: 107 114 128;\r\n
        --secondary-600: 75 85 99;\r\n
        --secondary-700: 55 65 81;\r\n
        --secondary-800: 31 41 55;\r\n
        --secondary-900: 17 24 39;\r\n
\r\n
        /* Accent Colors */\r\n
        --accent-50: 240 253 244;\r\n
        --accent-100: 220 252 231;\r\n
        --accent-200: 187 247 208;\r\n
        --accent-300: 134 239 172;\r\n
        --accent-400: 74 222 128;\r\n
        --accent-500: 34 197 94;\r\n
        --accent-600: 22 163 74;\r\n
        --accent-700: 21 128 61;\r\n
        --accent-800: 22 101 52;\r\n
        --accent-900: 20 83 45;\r\n
    }\r\n
\r\n
    /* Dynamic color applications */\r\n
    .bg-primary-50 {\r\n
        background-color: rgb(var(--primary-50));\r\n
    }\r\n
\r\n
    .bg-primary-100 {\r\n
        background-color: rgb(var(--primary-100));\r\n
    }\r\n
\r\n
    .bg-primary-500 {\r\n
        background-color: rgb(var(--primary-500));\r\n
    }\r\n
\r\n
    .bg-primary-600 {\r\n
        background-color: rgb(var(--primary-600));\r\n
    }\r\n
\r\n
    .bg-primary-700 {\r\n
        background-color: rgb(var(--primary-700));\r\n
    }\r\n
\r\n
    .text-primary-600 {\r\n
        color: rgb(var(--primary-600));\r\n
    }\r\n
\r\n
    .text-primary-700 {\r\n
        color: rgb(var(--primary-700));\r\n
    }\r\n
\r\n
    .text-primary-900 {\r\n
        color: rgb(var(--primary-900));\r\n
    }\r\n
\r\n
    .hover\:bg-primary-700:hover {\r\n
        background-color: rgb(var(--primary-700));\r\n
    }\r\n
\r\n
    .hover\:bg-primary-600:hover {\r\n
        background-color: rgb(var(--primary-600));\r\n
    }\r\n
\r\n
    .border-primary-500 {\r\n
        border-color: rgb(var(--primary-500));\r\n
    }\r\n
\r\n
    .ring-primary-500 {\r\n
        --tw-ring-color: rgb(var(--primary-500));\r\n
    }\r\n
\r\n
    .focus\:ring-primary-500:focus {\r\n
        --tw-ring-color: rgb(var(--primary-500));\r\n
    }\r\n
\r\n
    .focus\:border-primary-500:focus {\r\n
        border-color: rgb(var(--primary-500));\r\n
    }\r\n
\r\n
    /* Secondary Colors */\r\n
    .bg-secondary-50 {\r\n
        background-color: rgb(var(--secondary-50));\r\n
    }\r\n
\r\n
    .bg-secondary-100 {\r\n
        background-color: rgb(var(--secondary-100));\r\n
    }\r\n
\r\n
    .bg-secondary-900 {\r\n
        background-color: rgb(var(--secondary-900));\r\n
    }\r\n
\r\n
    .text-secondary-600 {\r\n
        color: rgb(var(--secondary-600));\r\n
    }\r\n
\r\n
    .text-secondary-700 {\r\n
        color: rgb(var(--secondary-700));\r\n
    }\r\n
\r\n
    /* Accent Colors */\r\n
    .bg-accent-500 {\r\n
        background-color: rgb(var(--accent-500));\r\n
    }\r\n
\r\n
    .bg-accent-600 {\r\n
        background-color: rgb(var(--accent-600));\r\n
    }\r\n
\r\n
    .text-accent-600 {\r\n
        color: rgb(var(--accent-600));\r\n
    }\r\n
\r\n
    .hover\:bg-accent-700:hover {\r\n
        background-color: rgb(var(--accent-700));\r\n
    }\r\n
\r\n
    /* Additional theme-aware classes */\r\n
    .gradient-primary {\r\n
        background: linear-gradient(135deg, rgb(var(--primary-600)), rgb(var(--primary-800)));\r\n
    }\r\n
\r\n
    .gradient-primary-light {\r\n
        background: linear-gradient(135deg, rgb(var(--primary-50)), rgb(var(--primary-100)));\r\n
    }\r\n
</style><!-- Theme JavaScript Core Functions -->\r\n
<script>\r\n
    // Theme Management Core\r\n
window.EFGTheme = window.EFGTheme || {};\r\n
\r\n
// Core utility functions\r\n
window.EFGTheme.Utils = {\r\n
    hexToRgb(hex) {\r\n
        const result = /^#?([a-f\d]{2})([a-f\d]{2})([a-f\d]{2})$/i.exec(hex);\r\n
        return result ? {\r\n
            r: parseInt(result[1], 16),\r\n
            g: parseInt(result[2], 16),\r\n
            b: parseInt(result[3], 16)\r\n
        } : null;\r\n
    },\r\n
\r\n
    generateColorShades(baseColor) {\r\n
        const rgb = this.hexToRgb(baseColor);\r\n
        if (!rgb) return {};\r\n
        \r\n
        const shades = {};\r\n
        const baseValues = [rgb.r, rgb.g, rgb.b];\r\n
        \r\n
        // Generate lighter shades (50-400)\r\n
        shades[50] = baseValues.map(v => Math.min(255, v + (255 - v) * 0.95)).join(' ');\r\n
        shades[100] = baseValues.map(v => Math.min(255, v + (255 - v) * 0.9)).join(' ');\r\n
        shades[200] = baseValues.map(v => Math.min(255, v + (255 - v) * 0.75)).join(' ');\r\n
        shades[300] = baseValues.map(v => Math.min(255, v + (255 - v) * 0.6)).join(' ');\r\n
        shades[400] = baseValues.map(v => Math.min(255, v + (255 - v) * 0.3)).join(' ');\r\n
        \r\n
        // Base color (500)\r\n
        shades[500] = baseValues.join(' ');\r\n
        \r\n
        // Generate darker shades (600-900)\r\n
        shades[600] = baseValues.map(v => Math.max(0, v * 0.8)).join(' ');\r\n
        shades[700] = baseValues.map(v => Math.max(0, v * 0.65)).join(' ');\r\n
        shades[800] = baseValues.map(v => Math.max(0, v * 0.5)).join(' ');\r\n
        shades[900] = baseValues.map(v => Math.max(0, v * 0.35)).join(' ');\r\n
        \r\n
        return shades;\r\n
    },\r\n
\r\n
    applyThemeToElements() {\r\n
        // Convert existing hardcoded blue colors to primary colors\r\n
        const colorMappings = [\r\n
            { from: 'bg-blue-600', to: 'bg-primary-600' },\r\n
            { from: 'bg-blue-700', to: 'bg-primary-700' },\r\n
            { from: 'bg-blue-500', to: 'bg-primary-500' },\r\n
            { from: 'text-blue-600', to: 'text-primary-600' },\r\n
            { from: 'text-blue-700', to: 'text-primary-700' },\r\n
            { from: 'border-blue-500', to: 'border-primary-500' },\r\n
        ];\r\n
\r\n
        colorMappings.forEach(mapping => {\r\n
            const elements = document.querySelectorAll(`${mapping.from}`);\r\n
            elements.forEach(el => {\r\n
                el.classList.remove(mapping.from);\r\n
                el.classList.add(mapping.to);\r\n
            });\r\n
        });\r\n
    },\r\n
\r\n
    updateCSSVariables(colorType, color) {\r\n
        const shades = this.generateColorShades(color);\r\n
        const root = document.documentElement;\r\n
        \r\n
        Object.keys(shades).forEach(shade => {\r\n
            root.style.setProperty(`--${colorType}-${shade}`, shades[shade]);\r\n
        });\r\n
    },\r\n
\r\n
    updateToggleButtonColor(button, color) {\r\n
        if (button) {\r\n
            button.style.backgroundColor = color;\r\n
        }\r\n
    }\r\n
};\r\n
</script><!-- Theme API Integration -->\r\n
<script>\r\n
    window.EFGTheme = window.EFGTheme || {};\r\n
\r\n
// API integration for authenticated users\r\n
window.EFGTheme.API = {\r\n
    async loadTheme() {\r\n
        try {\r\n
            const response = await fetch('/api/theme', {\r\n
                headers: {\r\n
                    'X-Requested-With': 'XMLHttpRequest',\r\n
                    'Content-Type': 'application/json',\r\n
                    'X-CSRF-TOKEN': document.querySelector('meta[name="csrf-token"]').getAttribute('content')\r\n
                }\r\n
            });\r\n
            \r\n
            if (response.ok) {\r\n
                const data = await response.json();\r\n
                return data.theme_settings;\r\n
            }\r\n
            throw new Error('Failed to load theme');\r\n
        } catch (error) {\r\n
            console.error('API theme load failed:', error);\r\n
            // Fallback to localStorage\r\n
            const savedTheme = localStorage.getItem('efgtrack-theme');\r\n
            return savedTheme ? JSON.parse(savedTheme) : null;\r\n
        }\r\n
    },\r\n
\r\n
    async saveTheme(colors) {\r\n
        try {\r\n
            const response = await fetch('/api/theme', {\r\n
                method: 'POST',\r\n
                headers: {\r\n
                    'X-Requested-With': 'XMLHttpRequest',\r\n
                    'Content-Type': 'application/json',\r\n
                    'X-CSRF-TOKEN': document.querySelector('meta[name="csrf-token"]').getAttribute('content')\r\n
                },\r\n
                body: JSON.stringify(colors)\r\n
            });\r\n
            \r\n
            if (!response.ok) {\r\n
                throw new Error('Failed to save theme');\r\n
            }\r\n
            \r\n
            // Also save to localStorage as backup\r\n
            localStorage.setItem('efgtrack-theme', JSON.stringify(colors));\r\n
            \r\n
        } catch (error) {\r\n
            console.error('API theme save failed:', error);\r\n
            // Fallback to localStorage\r\n
            localStorage.setItem('efgtrack-theme', JSON.stringify(colors));\r\n
        }\r\n
    }\r\n
};\r\n
</script><script>\r\n
    // Theme Management System\r\n
    let themeColors = {\r\n
        primary: '#3b82f6',\r\n
        secondary: '#6b7280',\r\n
        accent: '#22c55e'\r\n
    };\r\n
\r\n
    // Load saved theme on page load\r\n
    document.addEventListener('DOMContentLoaded', function() {\r\n
        initializeThemePanel();\r\n
        loadSavedTheme();\r\n
        initializeColorPickers();\r\n
    });\r\n
\r\n
    function initializeThemePanel() {\r\n
        const panel = document.getElementById('themePanel');\r\n
        if (panel) {\r\n
            // Ensure panel starts completely hidden\r\n
            panel.style.visibility = 'hidden';\r\n
            panel.style.transform = 'translateX(100%)';\r\n
            panel.classList.add('translate-x-full', 'opacity-0');\r\n
        }\r\n
    }\r\n
\r\n
    function initializeColorPickers() {\r\n
        const primaryInput = document.getElementById('primaryColor');\r\n
        const secondaryInput = document.getElementById('secondaryColor');\r\n
        const accentInput = document.getElementById('accentColor');\r\n
\r\n
        if (primaryInput) {\r\n
            primaryInput.addEventListener('change', function(e) {\r\n
                updatePrimaryColor(e.target.value);\r\n
            });\r\n
        }\r\n
\r\n
        if (secondaryInput) {\r\n
            secondaryInput.addEventListener('change', function(e) {\r\n
                updateSecondaryColor(e.target.value);\r\n
            });\r\n
        }\r\n
\r\n
        if (accentInput) {\r\n
            accentInput.addEventListener('change', function(e) {\r\n
                updateAccentColor(e.target.value);\r\n
            });\r\n
        }\r\n
    }\r\n
\r\n
    function toggleThemePanel() {\r\n
        const panel = document.getElementById('themePanel');\r\n
        if (panel) {\r\n
            const isHidden = panel.classList.contains('translate-x-full');\r\n
            \r\n
            if (isHidden) {\r\n
                // Show panel\r\n
                panel.style.visibility = 'visible';\r\n
                panel.classList.remove('opacity-0');\r\n
                panel.classList.remove('translate-x-full');\r\n
                panel.style.transform = 'translateX(0)';\r\n
            } else {\r\n
                // Hide panel\r\n
                panel.classList.add('translate-x-full');\r\n
                panel.classList.add('opacity-0');\r\n
                panel.style.transform = 'translateX(100%)';\r\n
                setTimeout(() => {\r\n
                    panel.style.visibility = 'hidden';\r\n
                }, 300); // Wait for transition to complete\r\n
            }\r\n
        }\r\n
    }\r\n
\r\n
    function hexToRgb(hex) {\r\n
        const result = /^#?([a-f\d]{2})([a-f\d]{2})([a-f\d]{2})$/i.exec(hex);\r\n
        return result ? {\r\n
            r: parseInt(result[1], 16),\r\n
            g: parseInt(result[2], 16),\r\n
            b: parseInt(result[3], 16)\r\n
        } : null;\r\n
    }\r\n
\r\n
    function generateColorShades(baseColor) {\r\n
        const rgb = hexToRgb(baseColor);\r\n
        if (!rgb) return {};\r\n
        \r\n
        const shades = {};\r\n
        const baseValues = [rgb.r, rgb.g, rgb.b];\r\n
        \r\n
        // Generate lighter shades (50-400)\r\n
        shades[50] = baseValues.map(v => Math.min(255, v + (255 - v) * 0.95)).join(' ');\r\n
        shades[100] = baseValues.map(v => Math.min(255, v + (255 - v) * 0.9)).join(' ');\r\n
        shades[200] = baseValues.map(v => Math.min(255, v + (255 - v) * 0.75)).join(' ');\r\n
        shades[300] = baseValues.map(v => Math.min(255, v + (255 - v) * 0.6)).join(' ');\r\n
        shades[400] = baseValues.map(v => Math.min(255, v + (255 - v) * 0.3)).join(' ');\r\n
        \r\n
        // Base color (500)\r\n
        shades[500] = baseValues.join(' ');\r\n
        \r\n
        // Generate darker shades (600-900)\r\n
        shades[600] = baseValues.map(v => Math.max(0, v * 0.8)).join(' ');\r\n
        shades[700] = baseValues.map(v => Math.max(0, v * 0.65)).join(' ');\r\n
        shades[800] = baseValues.map(v => Math.max(0, v * 0.5)).join(' ');\r\n
        shades[900] = baseValues.map(v => Math.max(0, v * 0.35)).join(' ');\r\n
        \r\n
        return shades;\r\n
    }\r\n
\r\n
    function updatePrimaryColor(color) {\r\n
        themeColors.primary = color;\r\n
        const shades = generateColorShades(color);\r\n
        const root = document.documentElement;\r\n
        \r\n
        Object.keys(shades).forEach(shade => {\r\n
            root.style.setProperty(`--primary-${shade}`, shades[shade]);\r\n
        });\r\n
        \r\n
        const colorValueElement = document.getElementById('primaryColorValue');\r\n
        if (colorValueElement) {\r\n
            colorValueElement.textContent = color;\r\n
        }\r\n
        applyThemeToElements();\r\n
    }\r\n
\r\n
    function updateSecondaryColor(color) {\r\n
        themeColors.secondary = color;\r\n
        const shades = generateColorShades(color);\r\n
        const root = document.documentElement;\r\n
        \r\n
        Object.keys(shades).forEach(shade => {\r\n
            root.style.setProperty(`--secondary-${shade}`, shades[shade]);\r\n
        });\r\n
        \r\n
        const colorValueElement = document.getElementById('secondaryColorValue');\r\n
        if (colorValueElement) {\r\n
            colorValueElement.textContent = color;\r\n
        }\r\n
    }\r\n
\r\n
    function updateAccentColor(color) {\r\n
        themeColors.accent = color;\r\n
        const shades = generateColorShades(color);\r\n
        const root = document.documentElement;\r\n
        \r\n
        Object.keys(shades).forEach(shade => {\r\n
            root.style.setProperty(`--accent-${shade}`, shades[shade]);\r\n
        });\r\n
        \r\n
        const colorValueElement = document.getElementById('accentColorValue');\r\n
        if (colorValueElement) {\r\n
            colorValueElement.textContent = color;\r\n
        }\r\n
    }\r\n
\r\n
    function setPrimaryColor(color) {\r\n
        const primaryInput = document.getElementById('primaryColor');\r\n
        if (primaryInput) {\r\n
            primaryInput.value = color;\r\n
        }\r\n
        updatePrimaryColor(color);\r\n
    }\r\n
\r\n
    function applyThemeToElements() {\r\n
        // Update elements that use hardcoded blue colors with primary colors\r\n
        const elementsToUpdate = document.querySelectorAll('.bg-blue-600, .text-blue-600, .hover\\:bg-blue-700');\r\n
        elementsToUpdate.forEach(el => {\r\n
            if (el.classList.contains('bg-blue-600')) {\r\n
                el.classList.remove('bg-blue-600');\r\n
                el.classList.add('bg-primary-600');\r\n
            }\r\n
            if (el.classList.contains('text-blue-600')) {\r\n
                el.classList.remove('text-blue-600');\r\n
                el.classList.add('text-primary-600');\r\n
            }\r\n
            if (el.classList.contains('hover:bg-blue-700')) {\r\n
                el.classList.remove('hover:bg-blue-700');\r\n
                el.classList.add('hover:bg-primary-700');\r\n
            }\r\n
        });\r\n
    }\r\n
\r\n
        async function saveTheme() {\r\n
        const button = document.querySelector('button[onclick="saveTheme()"]');\r\n
        const originalText = button.textContent;\r\n
        \r\n
        // Show loading state\r\n
        button.textContent = 'Saving...';\r\n
        button.disabled = true;\r\n
        \r\n
        try {\r\n
            const response = await fetch('/api/theme', {\r\n
                method: 'POST',\r\n
                headers: {\r\n
                    'Content-Type': 'application/json',\r\n
                    'Accept': 'application/json',\r\n
                    'X-CSRF-TOKEN': document.querySelector('meta[name="csrf-token"]').getAttribute('content')\r\n
                },\r\n
                body: JSON.stringify(themeColors)\r\n
            });\r\n
\r\n
            const data = await response.json();\r\n
\r\n
            if (response.ok) {\r\n
                // Also save to localStorage as backup\r\n
                localStorage.setItem('efgtrack-theme', JSON.stringify(themeColors));\r\n
                \r\n
                // Show success message\r\n
                showNotification('Theme saved successfully!', 'success');\r\n
                button.textContent = 'Saved!';\r\n
                button.classList.add('bg-green-600', 'hover:bg-green-700');\r\n
                button.classList.remove('bg-blue-600', 'hover:bg-blue-700');\r\n
                \r\n
                setTimeout(() => {\r\n
                    button.textContent = originalText;\r\n
                    button.classList.remove('bg-green-600', 'hover:bg-green-700');\r\n
                    button.classList.add('bg-blue-600', 'hover:bg-blue-700');\r\n
                    button.disabled = false;\r\n
                }, 2000);\r\n
            } else {\r\n
                throw new Error(data.message || data.error || 'Failed to save theme');\r\n
            }\r\n
        } catch (error) {\r\n
            console.error('Error saving theme:', error);\r\n
            \r\n
            // Save to localStorage as fallback\r\n
            localStorage.setItem('efgtrack-theme', JSON.stringify(themeColors));\r\n
            \r\n
            // Show error message\r\n
            showNotification(error.message || 'Failed to save to database. Saved locally instead.', 'error');\r\n
            \r\n
            // Reset button\r\n
            button.textContent = originalText;\r\n
            button.disabled = false;\r\n
        }\r\n
    }\r\n
\r\n
    async function loadSavedTheme() {\r\n
        try {\r\n
            // For authenticated users, try to load from database first\r\n
            const response = await fetch('/api/theme');\r\n
            if (response.ok) {\r\n
                const data = await response.json();\r\n
                const savedTheme = data.theme_settings;\r\n
                if (savedTheme && Object.keys(savedTheme).length > 0) {\r\n
                    themeColors = { ...themeColors, ...savedTheme };\r\n
                    applyLoadedTheme();\r\n
                    return;\r\n
                }\r\n
            }\r\n
        } catch (error) {\r\n
            console.log('Database theme load failed, trying localStorage');\r\n
        }\r\n
\r\n
        // Fallback to localStorage\r\n
        const savedTheme = localStorage.getItem('efgtrack-theme');\r\n
        if (savedTheme) {\r\n
            const theme = JSON.parse(savedTheme);\r\n
            themeColors = { ...themeColors, ...theme };\r\n
            applyLoadedTheme();\r\n
        }\r\n
    }\r\n
    \r\n
    function applyLoadedTheme() {\r\n
        // Apply saved colors to inputs\r\n
        const primaryInput = document.getElementById('primaryColor');\r\n
        const secondaryInput = document.getElementById('secondaryColor');\r\n
        const accentInput = document.getElementById('accentColor');\r\n
        \r\n
        if (primaryInput) primaryInput.value = themeColors.primary;\r\n
        if (secondaryInput) secondaryInput.value = themeColors.secondary;\r\n
        if (accentInput) accentInput.value = themeColors.accent;\r\n
        \r\n
        // Apply colors to CSS variables\r\n
        updatePrimaryColor(themeColors.primary);\r\n
        updateSecondaryColor(themeColors.secondary);\r\n
        updateAccentColor(themeColors.accent);\r\n
    }\r\n
\r\n
    function resetTheme() {\r\n
        const defaultTheme = {\r\n
            primary: '#3b82f6',\r\n
            secondary: '#6b7280',\r\n
            accent: '#22c55e'\r\n
        };\r\n
        \r\n
        const primaryInput = document.getElementById('primaryColor');\r\n
        const secondaryInput = document.getElementById('secondaryColor');\r\n
        const accentInput = document.getElementById('accentColor');\r\n
        \r\n
        if (primaryInput) primaryInput.value = defaultTheme.primary;\r\n
        if (secondaryInput) secondaryInput.value = defaultTheme.secondary;\r\n
        if (accentInput) accentInput.value = defaultTheme.accent;\r\n
        \r\n
        updatePrimaryColor(defaultTheme.primary);\r\n
        updateSecondaryColor(defaultTheme.secondary);\r\n
        updateAccentColor(defaultTheme.accent);\r\n
        \r\n
        themeColors = defaultTheme;\r\n
        \r\n
        showNotification('Theme reset to default values', 'info');\r\n
    }\r\n
\r\n
    // Notification system\r\n
    function showNotification(message, type = 'info') {\r\n
        // Remove existing notifications\r\n
        const existing = document.getElementById('themeNotification');\r\n
        if (existing) {\r\n
            existing.remove();\r\n
        }\r\n
\r\n
        // Create notification element\r\n
        const notification = document.createElement('div');\r\n
        notification.id = 'themeNotification';\r\n
        notification.className = `fixed top-4 right-4 z-50 p-4 rounded-lg shadow-lg border max-w-sm transition-all duration-300 transform translate-x-full`;\r\n
        \r\n
        // Set colors based on type\r\n
        let bgColor, textColor, borderColor, icon;\r\n
        switch (type) {\r\n
            case 'success':\r\n
                bgColor = 'bg-green-50';\r\n
                textColor = 'text-green-800';\r\n
                borderColor = 'border-green-200';\r\n
                icon = 'Γ£ô';\r\n
                break;\r\n
            case 'error':\r\n
                bgColor = 'bg-red-50';\r\n
                textColor = 'text-red-800';\r\n
                borderColor = 'border-red-200';\r\n
                icon = 'Γ£ò';\r\n
                break;\r\n
            case 'info':\r\n
                bgColor = 'bg-blue-50';\r\n
                textColor = 'text-blue-800';\r\n
                borderColor = 'border-blue-200';\r\n
                icon = 'Γä╣';\r\n
                break;\r\n
            default:\r\n
                bgColor = 'bg-gray-50';\r\n
                textColor = 'text-gray-800';\r\n
                borderColor = 'border-gray-200';\r\n
                icon = 'ΓÇó';\r\n
        }\r\n
        \r\n
        notification.classList.add(bgColor, textColor, borderColor);\r\n
        notification.innerHTML = `\r\n
            <div class="flex items-center">\r\n
                <span class="text-lg mr-2 font-bold">${icon}</span>\r\n
                <span class="text-sm font-medium">${message}</span>\r\n
                <button onclick="this.parentElement.parentElement.remove()" class="ml-auto text-gray-400 hover:text-gray-600">\r\n
                    <svg class="w-4 h-4" fill="none" stroke="currentColor" viewBox="0 0 24 24">\r\n
                        <path stroke-linecap="round" stroke-linejoin="round" stroke-width="2" d="M6 18L18 6M6 6l12 12"></path>\r\n
                    </svg>\r\n
                </button>\r\n
            </div>\r\n
        `;\r\n
\r\n
        // Add to DOM\r\n
        document.body.appendChild(notification);\r\n
        \r\n
        // Slide in\r\n
        setTimeout(() => {\r\n
            notification.classList.remove('translate-x-full');\r\n
        }, 100);\r\n
        \r\n
        // Auto remove after 5 seconds\r\n
        setTimeout(() => {\r\n
            if (notification.parentElement) {\r\n
                notification.classList.add('translate-x-full');\r\n
                setTimeout(() => {\r\n
                    if (notification.parentElement) {\r\n
                        notification.remove();\r\n
                    }\r\n
                }, 300);\r\n
            }\r\n
        }, 5000);\r\n
    }\r\n
</script><!-- Theme System Initialization -->\r\n
<script>\r\n
    // Initialize theme system when DOM is loaded\r\n
document.addEventListener('DOMContentLoaded', function() {\r\n
    console.log('DOM loaded, initializing theme system...');\r\n
    console.log('Auth status:', true);\r\n
    \r\n
        if (window.EFGTheme && window.EFGTheme.UI) {\r\n
        console.log('Initializing authenticated theme system');\r\n
        window.EFGTheme.UI.init();\r\n
    } else {\r\n
        console.error('EFGTheme.UI not found');\r\n
    }\r\n
        \r\n
    // Debug information\r\n
    setTimeout(() => {\r\n
        const button = document.getElementById('theme-selector-toggle');\r\n
        const selector = document.getElementById('theme-selector');\r\n
        console.log('Theme elements final check:', {\r\n
            button: button,\r\n
            selector: selector,\r\n
            buttonVisible: button ? window.getComputedStyle(button).display : 'not found',\r\n
            selectorVisible: selector ? window.getComputedStyle(selector).display : 'not found'\r\n
        });\r\n
    }, 1000);\r\n
});\r\n
</script>    <script type="module" src="http://[::1]:5173/@vite/client" data-navigate-track="reload"></script><link rel="stylesheet" href="http://[::1]:5173/resources/css/app.css" data-navigate-track="reload" /><script type="module" src="http://[::1]:5173/resources/js/app.js" data-navigate-track="reload"></script><!-- Livewire Styles --><style >[wire\:loading][wire\:loading], [wire\:loading\.delay][wire\:loading\.delay], [wire\:loading\.inline-block][wire\:loading\.inline-block], [wire\:loading\.inline][wire\:loading\.inline], [wire\:loading\.block][wire\:loading\.block], [wire\:loading\.flex][wire\:loading\.flex], [wire\:loading\.table][wire\:loading\.table], [wire\:loading\.grid][wire\:loading\.grid], [wire\:loading\.inline-flex][wire\:loading\.inline-flex] {display: none;}[wire\:loading\.delay\.none][wire\:loading\.delay\.none], [wire\:loading\.delay\.shortest][wire\:loading\.delay\.shortest], [wire\:loading\.delay\.shorter][wire\:loading\.delay\.shorter], [wire\:loading\.delay\.short][wire\:loading\.delay\.short], [wire\:loading\.delay\.default][wire\:loading\.delay\.default], [wire\:loading\.delay\.long][wire\:loading\.delay\.long], [wire\:loading\.delay\.longer][wire\:loading\.delay\.longer], [wire\:loading\.delay\.longest][wire\:loading\.delay\.longest] {display: none;}[wire\:offline][wire\:offline] {display: none;}[wire\:dirty]:not(textarea):not(input):not(select) {display: none;}:root {--livewire-progress-bar-color: #2299dd;}[x-cloak] {display: none !important;}[wire\:cloak] {display: none !important;}</style>\n
</head>\r\n
\r\n
<body class="font-sans antialiased bg-gray-100">\r\n
    <!-- Include Sidebar -->\r\n
    <!-- Sidebar -->\r\n
<div class="hidden md:flex md:w-64 md:flex-col md:fixed md:inset-y-0">\r\n
    <div class="flex flex-col flex-grow bg-white border-r border-gray-200 pt-5 pb-4 overflow-y-auto">\r\n
        <!-- Logo -->\r\n
        <div class="flex items-center flex-shrink-0 px-4">\r\n
            <a href="http://localhost:8000" class="flex items-center hover:opacity-75 transition-opacity duration-200">\r\n
                <svg class="h-8 w-8" style="color: var(--primary-600);" fill="currentColor" viewBox="0 0 20 20">\r\n
                    <path\r\n
                        d="M13 6a3 3 0 11-6 0 3 3 0 016 0zM18 8a2 2 0 11-4 0 2 2 0 014 0zM14 15a4 4 0 00-8 0v3h8v-3z" />\r\n
                </svg>\r\n
                <h1 class="ml-2 text-xl font-bold text-gray-900">EFGTrack</h1>\r\n
            </a>\r\n
        </div>\r\n
\r\n
        \r\n
        <!-- Navigation -->\r\n
        <nav class="mt-5 flex-1 px-2 space-y-1">\r\n
                                    <a href="dashboard"\r\n
                class="group flex items-center px-2 py-2 text-sm font-medium rounded-md text-gray-900 "\r\n
                style="background-color: var(--primary-100);">\r\n
                <svg class="mr-3 h-5 w-5 "\r\n
                    style="color: var(--primary-500);" fill="none" viewBox="0 0 24 24"\r\n
                    stroke="currentColor" stroke-width="2">\r\n
                    <path stroke-linecap="round" stroke-linejoin="round" d="M3 7v10a2 2 0 002 2h14a2 2 0 002-2V9a1 1 0 00-1-1H4a1 1 0 00-1-1V7a3 3 0 013-3h10a3 3 0 013 3v1" />\r\n
                </svg>\r\n
                Dashboard\r\n
                            </a>\r\n
                                </nav>\r\n
\r\n
        <!-- Logout Button -->\r\n
        <div class="px-2 mb-4">\r\n
            <div wire:snapshot="{&quot;data&quot;:[],&quot;memo&quot;:{&quot;id&quot;:&quot;ythDH97nNRsGBlLpNVCA&quot;,&quot;name&quot;:&quot;logout-button&quot;,&quot;path&quot;:&quot;dashboard&quot;,&quot;method&quot;:&quot;GET&quot;,&quot;children&quot;:[],&quot;scripts&quot;:[],&quot;assets&quot;:[],&quot;errors&quot;:[],&quot;locale&quot;:&quot;en&quot;},&quot;checksum&quot;:&quot;2132d7af253b7b3947ba196eea6760c620d2f8088c30635660349ea8435d46f0&quot;}" wire:effects="[]" wire:id="ythDH97nNRsGBlLpNVCA">\r\n
    <!-- Desktop Logout Button -->\r\n
    <button wire:click="logout"\r\n
        class="hidden md:flex w-full group items-center px-2 py-2 text-sm font-medium rounded-md text-gray-600 hover:bg-gray-50 hover:text-gray-900">\r\n
        <svg class="mr-3 h-5 w-5 text-gray-400 group-hover:text-gray-500" fill="none" viewBox="0 0 24 24"\r\n
            stroke="currentColor" stroke-width="2">\r\n
            <path stroke-linecap="round" stroke-linejoin="round"\r\n
                d="M17 16l4-4m0 0l-4-4m4 4H7m6 4v1a3 3 0 01-3 3H6a3 3 0 01-3-3V7a3 3 0 013-3h4a3 3 0 013 3v1" />\r\n
        </svg>\r\n
        Logout\r\n
    </button>\r\n
\r\n
    <!-- Mobile Logout Button -->\r\n
    <button wire:click="logout"\r\n
        class="md:hidden w-full group flex items-center px-2 py-2 text-base font-medium rounded-md text-gray-600 hover:bg-gray-50 hover:text-gray-900"\r\n
        @click="open = false">\r\n
        <svg class="mr-4 h-6 w-6 text-gray-400" fill="none" viewBox="0 0 24 24" stroke="currentColor" stroke-width="2">\r\n
            <path stroke-linecap="round" stroke-linejoin="round"\r\n
                d="M17 16l4-4m0 0l-4-4m4 4H7m6 4v1a3 3 0 01-3 3H6a3 3 0 01-3-3V7a3 3 0 013-3h4a3 3 0 013 3v1" />\r\n
        </svg>\r\n
        Logout\r\n
    </button>\r\n
</div>        </div>\r\n
\r\n
        <!-- User Profile Section -->\r\n
        <div class="flex-shrink-0 flex border-t border-gray-200 p-4">\r\n
            <a href="#" class="flex-shrink-0 w-full group block">\r\n
                <div class="flex items-center">\r\n
                    <div class="ml-1">\r\n
                        <div class="flex items-center space-x-2">\r\n
                            <div class="h-8 w-8 rounded-full flex items-center justify-center"\r\n
                                style="background-color: var(--primary-500);">\r\n
                                <span class="text-sm font-medium text-white">C</span>\r\n
                            </div>\r\n
                            <div class="ml-3">\r\n
                                <p class="text-sm font-medium text-gray-700 group-hover:text-gray-900">\r\n
                                    Carmine Eichmann\r\n
                                </p>\r\n
                                <p class="text-xs font-medium text-gray-500 group-hover:text-gray-700">\r\n
                                                                        <span class="text-gray-600">User</span>\r\n
                                                                    </p>\r\n
                            </div>\r\n
                        </div>\r\n
                    </div>\r\n
                </div>\r\n
            </a>\r\n
        </div>\r\n
    </div>\r\n
</div>\r\n
\r\n
<!-- Mobile sidebar -->\r\n
<div x-data="{ open: false }" class="md:hidden">\r\n
    <!-- Mobile menu button -->\r\n
    <div\r\n
        class="fixed top-0 left-0 z-40 flex items-center justify-between w-full h-16 bg-white border-b border-gray-200 px-4">\r\n
        <button @click="open = true" type="button"\r\n
            class="inline-flex items-center justify-center p-2 rounded-md text-gray-400 hover:text-gray-500 hover:bg-gray-100">\r\n
            <svg class="h-6 w-6" fill="none" viewBox="0 0 24 24" stroke="currentColor">\r\n
                <path stroke-linecap="round" stroke-linejoin="round" stroke-width="2" d="M4 6h16M4 12h16M4 18h16" />\r\n
            </svg>\r\n
        </button>\r\n
        <div class="flex items-center">\r\n
            <a href="http://localhost:8000" class="flex items-center hover:opacity-75 transition-opacity duration-200">\r\n
                <svg class="h-6 w-6" style="color: var(--primary-600);" fill="currentColor" viewBox="0 0 20 20">\r\n
                    <path\r\n
                        d="M13 6a3 3 0 11-6 0 3 3 0 016 0zM18 8a2 2 0 11-4 0 2 2 0 014 0zM14 15a4 4 0 00-8 0v3h8v-3z" />\r\n
                </svg>\r\n
                <h1 class="ml-2 text-lg font-bold text-gray-900">EFGTrack</h1>\r\n
            </a>\r\n
        </div>\r\n
        <div class="w-10"></div> <!-- Spacer for centering -->\r\n
    </div>\r\n
\r\n
    <!-- Mobile menu overlay -->\r\n
    <div x-show="open" x-transition:enter="transition-opacity ease-linear duration-300"\r\n
        x-transition:enter-start="opacity-0" x-transition:enter-end="opacity-100"\r\n
        x-transition:leave="transition-opacity ease-linear duration-300" x-transition:leave-start="opacity-100"\r\n
        x-transition:leave-end="opacity-0" class="fixed inset-0 z-50 flex">\r\n
        <div @click="open = false" class="fixed inset-0 bg-gray-600 bg-opacity-75"></div>\r\n
        <div class="relative flex-1 flex flex-col max-w-xs w-full bg-white">\r\n
            <div class="absolute top-0 right-0 -mr-12 pt-2">\r\n
                <button @click="open = false" type="button"\r\n
                    class="ml-1 flex items-center justify-center h-10 w-10 rounded-full focus:outline-none focus:ring-2 focus:ring-inset focus:ring-white">\r\n
                    <svg class="h-6 w-6 text-white" fill="none" viewBox="0 0 24 24" stroke="currentColor">\r\n
                        <path stroke-linecap="round" stroke-linejoin="round" stroke-width="2"\r\n
                            d="M6 18L18 6M6 6l12 12" />\r\n
                    </svg>\r\n
                </button>\r\n
            </div>\r\n
\r\n
            <!-- Same content as desktop sidebar -->\r\n
            <div class="flex-1 h-0 pt-5 pb-4 overflow-y-auto">\r\n
                <div class="flex items-center flex-shrink-0 px-4">\r\n
                    <a href="http://localhost:8000"\r\n
                        class="flex items-center hover:opacity-75 transition-opacity duration-200">\r\n
                        <svg class="h-8 w-8" style="color: var(--primary-600);" fill="currentColor" viewBox="0 0 20 20">\r\n
                            <path\r\n
                                d="M13 6a3 3 0 11-6 0 3 3 0 016 0zM18 8a2 2 0 11-4 0 2 2 0 014 0zM14 15a4 4 0 00-8 0v3h8v-3z" />\r\n
                        </svg>\r\n
                        <h1 class="ml-2 text-xl font-bold text-gray-900">EFGTrack</h1>\r\n
                    </a>\r\n
                </div>\r\n
\r\n
                \r\n
                <nav class="mt-5 px-2 space-y-1">\r\n
                                                            <a href="dashboard"\r\n
                        class="group flex items-center px-2 py-2 text-base font-medium rounded-md text-gray-900 "\r\n
                        style="background-color: var(--primary-100);"\r\n
                        @click="open = false">\r\n
                        <svg class="mr-4 h-6 w-6 "\r\n
                            style="color: var(--primary-500);" fill="none"\r\n
                            viewBox="0 0 24 24" stroke="currentColor" stroke-width="2">\r\n
                            <path stroke-linecap="round" stroke-linejoin="round" d="M3 7v10a2 2 0 002 2h14a2 2 0 002-2V9a1 1 0 00-1-1H4a1 1 0 00-1-1V7a3 3 0 013-3h10a3 3 0 013 3v1" />\r\n
                        </svg>\r\n
                        Dashboard\r\n
                                            </a>\r\n
                                        \r\n
                    <!-- Mobile Logout Button -->\r\n
                    <div wire:snapshot="{&quot;data&quot;:[],&quot;memo&quot;:{&quot;id&quot;:&quot;cU4gzJDTOnCvBnH6IbaV&quot;,&quot;name&quot;:&quot;logout-button&quot;,&quot;path&quot;:&quot;dashboard&quot;,&quot;method&quot;:&quot;GET&quot;,&quot;children&quot;:[],&quot;scripts&quot;:[],&quot;assets&quot;:[],&quot;errors&quot;:[],&quot;locale&quot;:&quot;en&quot;},&quot;checksum&quot;:&quot;764ec078d37a131f018513ffca54a580b05f55006c7b7efceca82c8964d128e1&quot;}" wire:effects="[]" wire:id="cU4gzJDTOnCvBnH6IbaV">\r\n
    <!-- Desktop Logout Button -->\r\n
    <button wire:click="logout"\r\n
        class="hidden md:flex w-full group items-center px-2 py-2 text-sm font-medium rounded-md text-gray-600 hover:bg-gray-50 hover:text-gray-900">\r\n
        <svg class="mr-3 h-5 w-5 text-gray-400 group-hover:text-gray-500" fill="none" viewBox="0 0 24 24"\r\n
            stroke="currentColor" stroke-width="2">\r\n
            <path stroke-linecap="round" stroke-linejoin="round"\r\n
                d="M17 16l4-4m0 0l-4-4m4 4H7m6 4v1a3 3 0 01-3 3H6a3 3 0 01-3-3V7a3 3 0 013-3h4a3 3 0 013 3v1" />\r\n
        </svg>\r\n
        Logout\r\n
    </button>\r\n
\r\n
    <!-- Mobile Logout Button -->\r\n
    <button wire:click="logout"\r\n
        class="md:hidden w-full group flex items-center px-2 py-2 text-base font-medium rounded-md text-gray-600 hover:bg-gray-50 hover:text-gray-900"\r\n
        @click="open = false">\r\n
        <svg class="mr-4 h-6 w-6 text-gray-400" fill="none" viewBox="0 0 24 24" stroke="currentColor" stroke-width="2">\r\n
            <path stroke-linecap="round" stroke-linejoin="round"\r\n
                d="M17 16l4-4m0 0l-4-4m4 4H7m6 4v1a3 3 0 01-3 3H6a3 3 0 01-3-3V7a3 3 0 013-3h4a3 3 0 013 3v1" />\r\n
        </svg>\r\n
        Logout\r\n
    </button>\r\n
</div>                </nav>\r\n
            </div>\r\n
\r\n
            <!-- Mobile user profile section -->\r\n
            <div class="flex-shrink-0 flex border-t border-gray-200 p-4">\r\n
                <a href="#" class="flex-shrink-0 group block w-full">\r\n
                    <div class="flex items-center">\r\n
                        <div class="h-10 w-10 rounded-full flex items-center justify-center"\r\n
                            style="background-color: var(--primary-500);">\r\n
                            <span class="text-sm font-medium text-white">C</span>\r\n
                        </div>\r\n
                        <div class="ml-3">\r\n
                            <p class="text-base font-medium text-gray-700 group-hover:text-gray-900">\r\n
                                Carmine Eichmann\r\n
                            </p>\r\n
                            <p class="text-sm font-medium text-gray-500 group-hover:text-gray-700">\r\n
                                                                <span class="text-gray-600">User</span>\r\n
                                                            </p>\r\n
                        </div>\r\n
                    </div>\r\n
                </a>\r\n
            </div>\r\n
        </div>\r\n
    </div>\r\n
</div>\r\n
    <!-- Main Content -->\r\n
    <div class="md:pl-64 flex flex-col flex-1">\r\n
        <!-- Top Header -->\r\n
        <div class="sticky top-0 z-10 bg-white shadow-sm border-b border-gray-200">\r\n
            <div class="px-4 sm:px-6 lg:px-8">\r\n
                <div class="flex justify-between items-center h-16">\r\n
                    <h2 class="font-semibold text-xl text-gray-800">\r\n
                        Dashboard\r\n
                    </h2>\r\n
                </div>\r\n
            </div>\r\n
        </div>\r\n
\r\n
        <!-- Main Content Area -->\r\n
        <div class="py-6 md:py-8 pt-20 md:pt-6">\r\n
            <div class="max-w-7xl mx-auto px-4 sm:px-6 lg:px-8">\r\n
                <div class="bg-white overflow-hidden shadow-sm sm:rounded-lg">\r\n
                    <div class="p-6 text-gray-900">\r\n
                        <div class="text-center py-8">\r\n
                            <svg class="mx-auto h-12 w-12 text-gray-400" fill="none" viewBox="0 0 24 24"\r\n
                                stroke="currentColor">\r\n
                                <path stroke-linecap="round" stroke-linejoin="round" stroke-width="2"\r\n
                                    d="M12 9v3m0 0v3m0-3h3m-3 0H9m12 0a9 9 0 11-18 0 9 9 0 0118 0z" />\r\n
                            </svg>\r\n
                            <h3 class="mt-2 text-lg font-medium text-gray-900">Welcome, Carmine Eichmann!</h3>\r\n
                            <p class="mt-2 text-sm text-gray-500">\r\n
                                Your account is being set up. You'll be assigned a role soon to access specific\r\n
                                features.\r\n
                            </p>\r\n
                            <div class="mt-6">\r\n
                                <p class="text-sm text-gray-400">\r\n
                                    If you need immediate access, please contact your administrator.\r\n
                                </p>\r\n
                            </div>\r\n
                        </div>\r\n
                    </div>\r\n
                </div>\r\n
            </div>\r\n
        </div>\r\n
    </div>\r\n
\r\n
    <div wire:snapshot="{&quot;data&quot;:{&quot;user&quot;:[null,{&quot;class&quot;:&quot;App\\Models\\User&quot;,&quot;key&quot;:1,&quot;s&quot;:&quot;mdl&quot;}],&quot;fields&quot;:[[&quot;sponsor_id&quot;,&quot;username&quot;,&quot;name&quot;,&quot;first_name&quot;,&quot;last_name&quot;,&quot;email&quot;,&quot;phone&quot;,&quot;avatar_path&quot;,&quot;country_id&quot;,&quot;state_id&quot;,&quot;city&quot;,&quot;postal_code&quot;,&quot;timezone&quot;,&quot;best_contact_times&quot;,&quot;is_licensed&quot;],{&quot;s&quot;:&quot;arr&quot;}],&quot;countries&quot;:[null,{&quot;keys&quot;:[],&quot;class&quot;:&quot;Illuminate\\Database\\Eloquent\\Collection&quot;,&quot;modelClass&quot;:null,&quot;s&quot;:&quot;elcln&quot;}],&quot;states&quot;:[[],{&quot;class&quot;:&quot;Illuminate\\Support\\Collection&quot;,&quot;s&quot;:&quot;clctn&quot;}],&quot;timezones&quot;:[[],{&quot;class&quot;:&quot;Illuminate\\Support\\Collection&quot;,&quot;s&quot;:&quot;clctn&quot;}],&quot;sponsor_username&quot;:null,&quot;form&quot;:[{&quot;sponsor_id&quot;:1,&quot;username&quot;:null,&quot;name&quot;:&quot;Carmine Eichmann&quot;,&quot;first_name&quot;:null,&quot;last_name&quot;:null,&quot;email&quot;:&quot;jade.bailey@example.net&quot;,&quot;phone&quot;:null,&quot;avatar_path&quot;:null,&quot;country_id&quot;:null,&quot;state_id&quot;:null,&quot;city&quot;:null,&quot;postal_code&quot;:null,&quot;timezone&quot;:null,&quot;best_contact_times&quot;:null,&quot;is_licensed&quot;:null},{&quot;s&quot;:&quot;arr&quot;}],&quot;show&quot;:true,&quot;percent&quot;:20,&quot;success&quot;:false},&quot;memo&quot;:{&quot;id&quot;:&quot;vx54gO7cRFeKPrpHurRK&quot;,&quot;name&quot;:&quot;profile.complete-profile-modal&quot;,&quot;path&quot;:&quot;dashboard&quot;,&quot;method&quot;:&quot;GET&quot;,&quot;children&quot;:[],&quot;scripts&quot;:[],&quot;assets&quot;:[],&quot;errors&quot;:[],&quot;locale&quot;:&quot;en&quot;},&quot;checksum&quot;:&quot;2d89877d674af64121b0b9b962f18ec8e87f6faa33107e7c262cde0c672f1bb3&quot;}" wire:effects="[]" wire:id="vx54gO7cRFeKPrpHurRK">\r\n
    <!--[if BLOCK]><![endif]--><!--[if ENDBLOCK]><![endif]-->\r\n
    <!--[if BLOCK]><![endif]-->    <div class="fixed inset-0 bg-gray-900 bg-opacity-50 flex items-center justify-center z-50">\r\n
        <div class="bg-white rounded-lg shadow-xl w-full max-w-2xl p-6 relative max-h-screen overflow-y-auto">\r\n
            <button type="button" wire:click="closeModal"\r\n
                class="absolute top-0 right-0 mt-2 mr-6 text-gray-400 hover:text-gray-600 text-2xl font-bold focus:outline-none">&times;</button>\r\n
            <h2 class="text-xl font-bold mb-4">Complete Your Profile</h2>\r\n
            <div class="mb-4">\r\n
                <div class="w-full bg-gray-200 rounded-full h-4 mb-2">\r\n
                    <div class="bg-blue-600 h-4 rounded-full" style="width: 20%"></div>\r\n
                </div>\r\n
                <div class="text-right text-sm text-gray-600">20% completed</div>\r\n
            </div>\r\n
            <form wire:submit.prevent="save" class="space-y-6">\r\n
                <!--[if BLOCK]><![endif]--><!--[if ENDBLOCK]><![endif]-->\r\n
\r\n
                <div class="grid grid-cols-1 md:grid-cols-2 gap-6">\r\n
                    <div>\r\n
                        <label class="block text-sm font-medium text-gray-700">Sponsor</label>\r\n
                        <input type="text" value="" readonly\r\n
                            class="mt-1 block w-full border-gray-300 rounded-md shadow-sm bg-gray-100" />\r\n
                        <input type="hidden" wire:model="form.sponsor_id" />\r\n
                    </div>\r\n
                    <div>\r\n
                        <label class="block text-sm font-medium text-gray-700">Username</label>\r\n
                        <input type="text" wire:model="form.username" readonly\r\n
                            class="mt-1 block w-full border-gray-300 rounded-md shadow-sm bg-gray-100" />\r\n
                    </div>\r\n
                    <div>\r\n
                        <label class="block text-sm font-medium text-gray-700">Name</label>\r\n
                        <input type="text" wire:model="form.name" readonly\r\n
                            class="mt-1 block w-full border-gray-300 rounded-md shadow-sm bg-gray-100" />\r\n
                        <!--[if BLOCK]><![endif]--><!--[if ENDBLOCK]><![endif]-->\r\n
                    </div>\r\n
                    <div>\r\n
                        <label class="block text-sm font-medium text-gray-700">Email</label>\r\n
                        <input type="email" wire:model="form.email" readonly\r\n
                            class="mt-1 block w-full border-gray-300 rounded-md shadow-sm bg-gray-100" />\r\n
                        <!--[if BLOCK]><![endif]--><!--[if ENDBLOCK]><![endif]-->\r\n
                    </div>\r\n
                    <div>\r\n
                        <label class="block text-sm font-medium text-gray-700">First Name</label>\r\n
                        <input type="text" wire:model.lazy="form.first_name"\r\n
                            class="mt-1 block w-full border-gray-300 rounded-md shadow-sm" />\r\n
                        <!--[if BLOCK]><![endif]--><!--[if ENDBLOCK]><![endif]-->\r\n
                    </div>\r\n
                    <div>\r\n
                        <label class="block text-sm font-medium text-gray-700">Last Name</label>\r\n
                        <input type="text" wire:model.lazy="form.last_name"\r\n
                            class="mt-1 block w-full border-gray-300 rounded-md shadow-sm" />\r\n
                        <!--[if BLOCK]><![endif]--><!--[if ENDBLOCK]><![endif]-->\r\n
                    </div>\r\n
                    <div class="flex items-end gap-4">\r\n
                        <div class="flex flex-col flex-1">\r\n
                            <label class="block text-sm font-medium text-gray-700">Avatar</label>\r\n
                            <input type="file" wire:model="form.avatar_path" accept="image/*"\r\n
                                class="mt-1 block w-full border-gray-300 rounded-md shadow-sm" />\r\n
                            <!--[if BLOCK]><![endif]--><!--[if ENDBLOCK]><![endif]-->\r\n
                        </div>\r\n
                        <div class="flex items-center justify-center h-16 w-16">\r\n
                            <!--[if BLOCK]><![endif]--><!--[if ENDBLOCK]><![endif]-->\r\n
                        </div>\r\n
                    </div>\r\n
\r\n
                    <div>\r\n
                        <label class="block text-sm font-medium text-gray-700">Country</label>\r\n
                        <select wire:model="form.country_id" wire:change="updateStatesForCountry"\r\n
                            class="mt-1 block w-full border-gray-300 rounded-md shadow-sm focus:ring focus:ring-blue-200">\r\n
                            <option value="">Select a country</option>\r\n
                            <!--[if BLOCK]><![endif]--><!--[if ENDBLOCK]><![endif]-->\r\n
                        </select>\r\n
                        <!--[if BLOCK]><![endif]--><!--[if ENDBLOCK]><![endif]-->\r\n
                    </div>\r\n
                    <div>\r\n
                        <label class="block text-sm font-medium text-gray-700">State/Province</label>\r\n
                        <select wire:model="form.state_id" wire:key="states-"\r\n
                            class="mt-1 block w-full border-gray-300 rounded-md shadow-sm focus:ring focus:ring-blue-200">\r\n
                            <option value="">Select a state/province</option>\r\n
                            <!--[if BLOCK]><![endif]--><!--[if ENDBLOCK]><![endif]-->\r\n
                        </select>\r\n
                        <!--[if BLOCK]><![endif]--><!--[if ENDBLOCK]><![endif]-->\r\n
                    </div>\r\n
                    <div>\r\n
                        <label class="block text-sm font-medium text-gray-700">City</label>\r\n
                        <input type="text" wire:model="form.city"\r\n
                            class="mt-1 block w-full border-gray-300 rounded-md shadow-sm" />\r\n
                        <!--[if BLOCK]><![endif]--><!--[if ENDBLOCK]><![endif]-->\r\n
                    </div>\r\n
                    <div>\r\n
                        <label class="block text-sm font-medium text-gray-700">Postal Code</label>\r\n
                        <input type="text" wire:model="form.postal_code"\r\n
                            class="mt-1 block w-full border-gray-300 rounded-md shadow-sm" />\r\n
                        <!--[if BLOCK]><![endif]--><!--[if ENDBLOCK]><![endif]-->\r\n
                    </div>\r\n
                    <div>\r\n
                        <label class="block text-sm font-medium text-gray-700">Phone</label>\r\n
                        <input type="text" wire:model="form.phone"\r\n
                            class="mt-1 block w-full border-gray-300 rounded-md shadow-sm" />\r\n
                        <!--[if BLOCK]><![endif]--><!--[if ENDBLOCK]><![endif]-->\r\n
                    </div>\r\n
                    <div>\r\n
                        <label class="block text-sm font-medium text-gray-700">Best Contact Times</label>\r\n
                        <select wire:model="form.best_contact_times"\r\n
                            class="mt-1 block w-full border-gray-300 rounded-md shadow-sm">\r\n
                            <option value="">Select a time block</option>\r\n
                            <!-- Shared Best Contact Times options -->\r\n
<option value="weekdays-am">Weekdays AM</option>\r\n
<option value="weekdays-pm">Weekdays PM</option>\r\n
<option value="weekends-am">Weekends AM</option>\r\n
<option value="weekends-pm">Weekends PM</option>\r\n
<option value="friday-only">Friday Only</option>\r\n
<option value="saturday-only">Saturday Only</option>\r\n
<option value="sunday-only">Sunday Only</option>\r\n
<option value="anytime">Anytime</option>                        </select>\r\n
                        <!--[if BLOCK]><![endif]--><!--[if ENDBLOCK]><![endif]-->\r\n
                    </div>\r\n
                    <div>\r\n
                        <label class="block text-sm font-medium text-gray-700">Timezone</label>\r\n
                        <select wire:model="form.timezone"\r\n
                            class="mt-1 block w-full border-gray-300 rounded-md shadow-sm focus:ring focus:ring-blue-200">\r\n
                            <option value="">Select a timezone</option>\r\n
                            <!--[if BLOCK]><![endif]--><!--[if ENDBLOCK]><![endif]-->\r\n
                        </select>\r\n
                        <!--[if BLOCK]><![endif]--><!--[if ENDBLOCK]><![endif]-->\r\n
                    </div>\r\n
                </div>\r\n
\r\n
                <div class="grid grid-cols-1 md:grid-cols-2 gap-6">\r\n
\r\n
\r\n
                    <div>\r\n
                        <label class="block text-sm font-medium text-gray-700">Licensed <span\r\n
                                class="text-gray-500 text-xs">(Life, health or both)</span></label>\r\n
                        <select wire:model="form.is_licensed"\r\n
                            class="mt-1 block w-full border-gray-300 rounded-md shadow-sm focus:ring focus:ring-blue-200">\r\n
                            <option value="">Select</option>\r\n
                            <option value="1">Yes</option>\r\n
                            <option value="0">No</option>\r\n
                        </select>\r\n
                        <!--[if BLOCK]><![endif]--><!--[if ENDBLOCK]><![endif]-->\r\n
                    </div>\r\n
                </div>\r\n
\r\n
                <div class="pt-6">\r\n
                    <button type="submit"\r\n
                        class="w-full py-2 px-4 bg-blue-600 text-white rounded hover:bg-blue-700">Save</button>\r\n
                </div>\r\n
            </form>\r\n
        </div>\r\n
    </div>\r\n
    <!--[if ENDBLOCK]><![endif]-->\r\n
</div><!-- Livewire Scripts -->\n
<script src="http://localhost:8000/vendor/livewire/livewire.js?id=df3a17f2"   data-csrf="1KX9U3tgFhiHuhyxDOa8ZhsArvPcY4PReXq06Eec" data-update-uri="/livewire/update" data-navigate-once="true"></script>\n
</body>\r\n
\r\n
</html>

  To contain: &quot;name&quot;:&quot;layout.navigation&quot;

  at vendor\livewire\livewire\src\Features\SupportTesting\SupportTesting.php:54
     50Γûò                 $component = app(ComponentRegistry::class)->getName($component);
     51Γûò             }
     52Γûò             $escapedComponentName = trim(htmlspecialchars(json_encode(['name' => $component])), '{}');
     53Γûò 
  Γ₧£  54Γûò             \PHPUnit\Framework\Assert::assertStringContainsString(
     55Γûò                 $escapedComponentName,
     56Γûò                 $this->getContent(),
     57Γûò                 'Cannot find Livewire component ['.$component.'] rendered on page.'
     58Γûò             );

  1   vendor\livewire\livewire\src\Features\SupportTesting\SupportTesting.php:54
  2   vendor\laravel\framework\src\Illuminate\Macroable\Traits\Macroable.php:126


  Tests:    1 failed (2 assertions)
  Duration: 0.96s

